<html>
<body>
<pre>
<h1>µVision Build Log</h1>
<h2>Tool Versions:</h2>
IDE-Version: ¶ÃVision V5.31.0.0
Copyright (C) 2020 ARM Ltd and ARM Germany GmbH. All rights reserved.
License Information: pak tin, mang, LIC=QF82M-X5HRM-II75V-PC0AB-7MG33-2G9M5
 
Tool Versions:
Toolchain:       MDK-ARM Plus  Version: 5.31.0.0
Toolchain Path:  C:\Keil_v5\ARM\ARMCC\Bin
C Compiler:      Armcc.exe V5.06 update 6 (build 750)
Assembler:       Armasm.exe V5.06 update 6 (build 750)
Linker/Locator:  ArmLink.exe V5.06 update 6 (build 750)
Library Manager: ArmAr.exe V5.06 update 6 (build 750)
Hex Converter:   FromElf.exe V5.06 update 6 (build 750)
CPU DLL:         SARMCM3.DLL V5.31.0.0
Dialog DLL:      DCM.DLL V1.17.3.0
Target DLL:      STLink\ST-LINKIII-KEIL_SWO.dll V3.0.7.0
Dialog DLL:      TCM.DLL V1.46.0.0
 
<h2>Project:</h2>
H:\«∂»Î Ω\16\16\MDK-ARM\16.uvprojx
Project File Date:  12/23/2024

<h2>Output:</h2>
*** Using Compiler 'V5.06 update 6 (build 750)', folder: 'C:\Keil_v5\ARM\ARMCC\Bin'
Rebuild target '16'
assembling startup_stm32f103xb.s...
assembling os_cpu_a.asm...
compiling cpu_c.c...
assembling lib_mem_a.asm...
compiling cpu_core.c...
assembling cpu_a.asm...
compiling lib_str.c...
compiling lib_mem.c...
compiling lib_ascii.c...
compiling lib_math.c...
compiling os_cpu_c.c...
compiling os_cfg_app.c...
compiling os_dbg.c...
compiling os_core.c...
compiling os_flag.c...
compiling os_int.c...
compiling os_mem.c...
compiling os_msg.c...
compiling os_mutex.c...
compiling os_pend_multi.c...
compiling os_prio.c...
compiling os_q.c...
compiling os_sem.c...
compiling os_task.c...
compiling os_stat.c...
compiling os_tick.c...
compiling os_time.c...
compiling os_tmr.c...
compiling os_var.c...
compiling os_app_hooks.c...
compiling app.c...
.\uCOS-BSP\bsp.h(8): warning:  #1-D: last line of file ends without a newline
  #endif
uCOS-CONFIG\app.c(118): warning:  #223-D: function "BSP_CPU_ClkFreq" declared implicitly
      cpu_clk_freq = BSP_CPU_ClkFreq();                           /* Determine SysTick reference freq.                    */
uCOS-CONFIG\app.c(134): warning:  #174-D: expression has no effect
      APP_TRACE_INFO(("Creating Application Tasks...\n\r"));
uCOS-CONFIG\app.c(137): warning:  #174-D: expression has no effect
      APP_TRACE_INFO(("Creating Application Events...\n\r"));
uCOS-CONFIG\app.c(140): warning:  #223-D: function "BSP_LED_Off" declared implicitly
      BSP_LED_Off(0);
uCOS-CONFIG\app.c(143): warning:  #223-D: function "BSP_LED_Toggle" declared implicitly
          BSP_LED_Toggle(0);
uCOS-CONFIG\app.c(53): warning:  #177-D: variable "AppTaskStartTCB"  was declared but never referenced
  static  OS_TCB   AppTaskStartTCB;
uCOS-CONFIG\app.c(62): warning:  #177-D: variable "AppTaskStartStk"  was declared but never referenced
  static  CPU_STK  AppTaskStartStk[APP_TASK_START_STK_SIZE];
uCOS-CONFIG\app.c(106): warning:  #177-D: function "AppTaskStart"  was declared but never referenced
  static  void  AppTaskStart (void *p_arg)
uCOS-CONFIG\app.c: 9 warnings, 0 errors
compiling bsp.c...
.\uCOS-BSP\bsp.h(8): warning:  #1-D: last line of file ends without a newline
  #endif
uCOS-BSP\bsp.c: 1 warning, 0 errors
compiling gpio.c...
compiling usart.c...
compiling main.c...
.\uCOS-BSP\bsp.h(8): warning:  #1-D: last line of file ends without a newline
  #endif
../Core/Src/main.c: 1 warning, 0 errors
compiling stm32f1xx_it.c...
compiling stm32f1xx_hal_msp.c...
compiling stm32f1xx_hal_gpio_ex.c...
compiling stm32f1xx_hal.c...
compiling stm32f1xx_hal_uart.c...
compiling stm32f1xx_hal_rcc.c...
compiling stm32f1xx_hal_rcc_ex.c...
compiling stm32f1xx_hal_dma.c...
compiling stm32f1xx_hal_gpio.c...
compiling stm32f1xx_hal_cortex.c...
compiling stm32f1xx_hal_pwr.c...
compiling stm32f1xx_hal_flash.c...
compiling system_stm32f1xx.c...
compiling stm32f1xx_hal_flash_ex.c...
compiling stm32f1xx_hal_exti.c...
linking...
Program Size: Code=18236 RO-data=424 RW-data=288 ZI-data=14656  
FromELF: creating hex file...
"16\16.axf" - 0 Error(s), 11 Warning(s).

<h2>Software Packages used:</h2>

Package Vendor: ARM
                http://www.keil.com/pack/ARM.CMSIS.5.7.0.pack
                ARM.CMSIS.5.7.0
                CMSIS (Cortex Microcontroller Software Interface Standard)
   * Component: CORE Version: 5.4.0

Package Vendor: Keil
                http://www.keil.com/pack/Keil.STM32F1xx_DFP.2.3.0.pack
                Keil.STM32F1xx_DFP.2.3.0
                STMicroelectronics STM32F1 Series Device Support, Drivers and Examples

<h2>Collection of Component include folders:</h2>
  .\RTE\_16
  E:\MDK\MDK\MDK\Packs\ARM\CMSIS\5.7.0\CMSIS\Core\Include
  E:\MDK\MDK\MDK\Packs\Keil\STM32F1xx_DFP\2.3.0\Device\Include

<h2>Collection of Component Files used:</h2>

   * Component: ARM::CMSIS:CORE:5.4.0
Build Time Elapsed:  00:00:18
</pre>
</body>
</html>
