Component: ARM Compiler 5.06 update 6 (build 750) Tool: armlink [4d35ed]

==============================================================================

Section Cross References

    startup_stm32f103xb.o(RESET) refers to startup_stm32f103xb.o(STACK) for __initial_sp
    startup_stm32f103xb.o(RESET) refers to startup_stm32f103xb.o(.text) for Reset_Handler
    startup_stm32f103xb.o(RESET) refers to stm32f1xx_it.o(i.NMI_Handler) for NMI_Handler
    startup_stm32f103xb.o(RESET) refers to stm32f1xx_it.o(i.HardFault_Handler) for HardFault_Handler
    startup_stm32f103xb.o(RESET) refers to stm32f1xx_it.o(i.MemManage_Handler) for MemManage_Handler
    startup_stm32f103xb.o(RESET) refers to stm32f1xx_it.o(i.BusFault_Handler) for BusFault_Handler
    startup_stm32f103xb.o(RESET) refers to stm32f1xx_it.o(i.UsageFault_Handler) for UsageFault_Handler
    startup_stm32f103xb.o(RESET) refers to stm32f1xx_it.o(i.SVC_Handler) for SVC_Handler
    startup_stm32f103xb.o(RESET) refers to stm32f1xx_it.o(i.DebugMon_Handler) for DebugMon_Handler
    startup_stm32f103xb.o(RESET) refers to stm32f1xx_it.o(i.PendSV_Handler) for PendSV_Handler
    startup_stm32f103xb.o(RESET) refers to stm32f1xx_it.o(i.SysTick_Handler) for SysTick_Handler
    startup_stm32f103xb.o(.text) refers to system_stm32f1xx.o(i.SystemInit) for SystemInit
    startup_stm32f103xb.o(.text) refers to entry.o(.ARM.Collect$$$$00000000) for __main
    flash.o(i.FlashWriteBuff) refers to stm32f1xx_hal_flash.o(i.HAL_FLASH_Unlock) for HAL_FLASH_Unlock
    flash.o(i.FlashWriteBuff) refers to stm32f1xx_hal_flash_ex.o(i.FLASH_PageErase) for FLASH_PageErase
    flash.o(i.FlashWriteBuff) refers to stm32f1xx_hal_flash.o(i.FLASH_WaitForLastOperation) for FLASH_WaitForLastOperation
    flash.o(i.FlashWriteBuff) refers to flash.o(i.FlashWriteNoCheck) for FlashWriteNoCheck
    flash.o(i.FlashWriteBuff) refers to stm32f1xx_hal_flash.o(i.HAL_FLASH_Lock) for HAL_FLASH_Lock
    flash.o(i.FlashWriteNoCheck) refers to stm32f1xx_hal_flash.o(i.HAL_FLASH_Program) for HAL_FLASH_Program
    main.o(i.SystemClock_Config) refers to memseta.o(.text) for __aeabi_memclr4
    main.o(i.SystemClock_Config) refers to stm32f1xx_hal_rcc.o(i.HAL_RCC_OscConfig) for HAL_RCC_OscConfig
    main.o(i.SystemClock_Config) refers to stm32f1xx_hal_rcc.o(i.HAL_RCC_ClockConfig) for HAL_RCC_ClockConfig
    main.o(i.main) refers to memcpya.o(.text) for __aeabi_memcpy4
    main.o(i.main) refers to stm32f1xx_hal.o(i.HAL_Init) for HAL_Init
    main.o(i.main) refers to main.o(i.SystemClock_Config) for SystemClock_Config
    main.o(i.main) refers to flash.o(i.FlashWriteBuff) for FlashWriteBuff
    main.o(i.main) refers to flash.o(i.FlashReadBuff) for FlashReadBuff
    main.o(i.main) refers to gpio.o(i.MX_GPIO_Init) for MX_GPIO_Init
    main.o(i.main) refers to main.o(.bss) for .bss
    gpio.o(i.MX_GPIO_Init) refers to stm32f1xx_hal_gpio.o(i.HAL_GPIO_WritePin) for HAL_GPIO_WritePin
    gpio.o(i.MX_GPIO_Init) refers to stm32f1xx_hal_gpio.o(i.HAL_GPIO_Init) for HAL_GPIO_Init
    stm32f1xx_it.o(i.SysTick_Handler) refers to stm32f1xx_hal.o(i.HAL_IncTick) for HAL_IncTick
    system_stm32f1xx.o(i.SystemCoreClockUpdate) refers to system_stm32f1xx.o(.data) for .data
    system_stm32f1xx.o(i.SystemCoreClockUpdate) refers to system_stm32f1xx.o(.constdata) for .constdata
    stm32f1xx_hal.o(i.HAL_DeInit) refers to stm32f1xx_hal.o(i.HAL_MspDeInit) for HAL_MspDeInit
    stm32f1xx_hal.o(i.HAL_Delay) refers to stm32f1xx_hal.o(i.HAL_GetTick) for HAL_GetTick
    stm32f1xx_hal.o(i.HAL_Delay) refers to stm32f1xx_hal.o(.data) for .data
    stm32f1xx_hal.o(i.HAL_GetTick) refers to stm32f1xx_hal.o(.data) for .data
    stm32f1xx_hal.o(i.HAL_GetTickFreq) refers to stm32f1xx_hal.o(.data) for .data
    stm32f1xx_hal.o(i.HAL_GetTickPrio) refers to stm32f1xx_hal.o(.data) for .data
    stm32f1xx_hal.o(i.HAL_IncTick) refers to stm32f1xx_hal.o(.data) for .data
    stm32f1xx_hal.o(i.HAL_Init) refers to stm32f1xx_hal_cortex.o(i.HAL_NVIC_SetPriorityGrouping) for HAL_NVIC_SetPriorityGrouping
    stm32f1xx_hal.o(i.HAL_Init) refers to stm32f1xx_hal.o(i.HAL_InitTick) for HAL_InitTick
    stm32f1xx_hal.o(i.HAL_Init) refers to stm32f1xx_hal_msp.o(i.HAL_MspInit) for HAL_MspInit
    stm32f1xx_hal.o(i.HAL_InitTick) refers to stm32f1xx_hal_cortex.o(i.HAL_SYSTICK_Config) for HAL_SYSTICK_Config
    stm32f1xx_hal.o(i.HAL_InitTick) refers to stm32f1xx_hal_cortex.o(i.HAL_NVIC_SetPriority) for HAL_NVIC_SetPriority
    stm32f1xx_hal.o(i.HAL_InitTick) refers to stm32f1xx_hal.o(.data) for .data
    stm32f1xx_hal.o(i.HAL_InitTick) refers to system_stm32f1xx.o(.data) for SystemCoreClock
    stm32f1xx_hal.o(i.HAL_SetTickFreq) refers to stm32f1xx_hal.o(i.HAL_InitTick) for HAL_InitTick
    stm32f1xx_hal.o(i.HAL_SetTickFreq) refers to stm32f1xx_hal.o(.data) for .data
    stm32f1xx_hal_rcc.o(i.HAL_RCC_ClockConfig) refers to stm32f1xx_hal.o(i.HAL_GetTick) for HAL_GetTick
    stm32f1xx_hal_rcc.o(i.HAL_RCC_ClockConfig) refers to stm32f1xx_hal_rcc.o(i.HAL_RCC_GetSysClockFreq) for HAL_RCC_GetSysClockFreq
    stm32f1xx_hal_rcc.o(i.HAL_RCC_ClockConfig) refers to stm32f1xx_hal.o(i.HAL_InitTick) for HAL_InitTick
    stm32f1xx_hal_rcc.o(i.HAL_RCC_ClockConfig) refers to system_stm32f1xx.o(.constdata) for AHBPrescTable
    stm32f1xx_hal_rcc.o(i.HAL_RCC_ClockConfig) refers to system_stm32f1xx.o(.data) for SystemCoreClock
    stm32f1xx_hal_rcc.o(i.HAL_RCC_DeInit) refers to stm32f1xx_hal.o(i.HAL_GetTick) for HAL_GetTick
    stm32f1xx_hal_rcc.o(i.HAL_RCC_DeInit) refers to stm32f1xx_hal.o(i.HAL_InitTick) for HAL_InitTick
    stm32f1xx_hal_rcc.o(i.HAL_RCC_DeInit) refers to system_stm32f1xx.o(.data) for SystemCoreClock
    stm32f1xx_hal_rcc.o(i.HAL_RCC_GetHCLKFreq) refers to system_stm32f1xx.o(.data) for SystemCoreClock
    stm32f1xx_hal_rcc.o(i.HAL_RCC_GetPCLK1Freq) refers to stm32f1xx_hal_rcc.o(i.HAL_RCC_GetHCLKFreq) for HAL_RCC_GetHCLKFreq
    stm32f1xx_hal_rcc.o(i.HAL_RCC_GetPCLK1Freq) refers to system_stm32f1xx.o(.constdata) for APBPrescTable
    stm32f1xx_hal_rcc.o(i.HAL_RCC_GetPCLK2Freq) refers to stm32f1xx_hal_rcc.o(i.HAL_RCC_GetHCLKFreq) for HAL_RCC_GetHCLKFreq
    stm32f1xx_hal_rcc.o(i.HAL_RCC_GetPCLK2Freq) refers to system_stm32f1xx.o(.constdata) for APBPrescTable
    stm32f1xx_hal_rcc.o(i.HAL_RCC_MCOConfig) refers to stm32f1xx_hal_gpio.o(i.HAL_GPIO_Init) for HAL_GPIO_Init
    stm32f1xx_hal_rcc.o(i.HAL_RCC_NMI_IRQHandler) refers to stm32f1xx_hal_rcc.o(i.HAL_RCC_CSSCallback) for HAL_RCC_CSSCallback
    stm32f1xx_hal_rcc.o(i.HAL_RCC_OscConfig) refers to stm32f1xx_hal.o(i.HAL_GetTick) for HAL_GetTick
    stm32f1xx_hal_rcc.o(i.HAL_RCC_OscConfig) refers to stm32f1xx_hal_rcc.o(i.RCC_Delay) for RCC_Delay
    stm32f1xx_hal_rcc.o(i.RCC_Delay) refers to system_stm32f1xx.o(.data) for SystemCoreClock
    stm32f1xx_hal_rcc_ex.o(i.HAL_RCCEx_GetPeriphCLKFreq) refers to stm32f1xx_hal_rcc.o(i.HAL_RCC_GetPCLK2Freq) for HAL_RCC_GetPCLK2Freq
    stm32f1xx_hal_rcc_ex.o(i.HAL_RCCEx_PeriphCLKConfig) refers to stm32f1xx_hal.o(i.HAL_GetTick) for HAL_GetTick
    stm32f1xx_hal_gpio.o(i.HAL_GPIO_EXTI_IRQHandler) refers to stm32f1xx_hal_gpio.o(i.HAL_GPIO_EXTI_Callback) for HAL_GPIO_EXTI_Callback
    stm32f1xx_hal_dma.o(i.HAL_DMA_PollForTransfer) refers to stm32f1xx_hal.o(i.HAL_GetTick) for HAL_GetTick
    stm32f1xx_hal_dma.o(i.HAL_DMA_Start) refers to stm32f1xx_hal_dma.o(i.DMA_SetConfig) for DMA_SetConfig
    stm32f1xx_hal_dma.o(i.HAL_DMA_Start_IT) refers to stm32f1xx_hal_dma.o(i.DMA_SetConfig) for DMA_SetConfig
    stm32f1xx_hal_cortex.o(i.HAL_SYSTICK_IRQHandler) refers to stm32f1xx_hal_cortex.o(i.HAL_SYSTICK_Callback) for HAL_SYSTICK_Callback
    stm32f1xx_hal_pwr.o(i.HAL_PWR_EnterSTOPMode) refers to stm32f1xx_hal_pwr.o(i.PWR_OverloadWfe) for PWR_OverloadWfe
    stm32f1xx_hal_pwr.o(i.HAL_PWR_PVD_IRQHandler) refers to stm32f1xx_hal_pwr.o(i.HAL_PWR_PVDCallback) for HAL_PWR_PVDCallback
    stm32f1xx_hal_flash.o(i.FLASH_Program_HalfWord) refers to stm32f1xx_hal_flash.o(.bss) for .bss
    stm32f1xx_hal_flash.o(i.FLASH_SetErrorCode) refers to stm32f1xx_hal_flash.o(.bss) for .bss
    stm32f1xx_hal_flash.o(i.FLASH_WaitForLastOperation) refers to stm32f1xx_hal.o(i.HAL_GetTick) for HAL_GetTick
    stm32f1xx_hal_flash.o(i.FLASH_WaitForLastOperation) refers to stm32f1xx_hal_flash.o(i.FLASH_SetErrorCode) for FLASH_SetErrorCode
    stm32f1xx_hal_flash.o(i.HAL_FLASH_GetError) refers to stm32f1xx_hal_flash.o(.bss) for .bss
    stm32f1xx_hal_flash.o(i.HAL_FLASH_IRQHandler) refers to stm32f1xx_hal_flash.o(i.FLASH_SetErrorCode) for FLASH_SetErrorCode
    stm32f1xx_hal_flash.o(i.HAL_FLASH_IRQHandler) refers to stm32f1xx_hal_flash.o(i.HAL_FLASH_OperationErrorCallback) for HAL_FLASH_OperationErrorCallback
    stm32f1xx_hal_flash.o(i.HAL_FLASH_IRQHandler) refers to stm32f1xx_hal_flash.o(i.FLASH_Program_HalfWord) for FLASH_Program_HalfWord
    stm32f1xx_hal_flash.o(i.HAL_FLASH_IRQHandler) refers to stm32f1xx_hal_flash.o(i.HAL_FLASH_EndOfOperationCallback) for HAL_FLASH_EndOfOperationCallback
    stm32f1xx_hal_flash.o(i.HAL_FLASH_IRQHandler) refers to stm32f1xx_hal_flash_ex.o(i.FLASH_PageErase) for FLASH_PageErase
    stm32f1xx_hal_flash.o(i.HAL_FLASH_IRQHandler) refers to stm32f1xx_hal_flash.o(.bss) for .bss
    stm32f1xx_hal_flash.o(i.HAL_FLASH_OB_Launch) refers to stm32f1xx_hal_cortex.o(i.HAL_NVIC_SystemReset) for HAL_NVIC_SystemReset
    stm32f1xx_hal_flash.o(i.HAL_FLASH_Program) refers to stm32f1xx_hal_flash.o(i.FLASH_WaitForLastOperation) for FLASH_WaitForLastOperation
    stm32f1xx_hal_flash.o(i.HAL_FLASH_Program) refers to llushr.o(.text) for __aeabi_llsr
    stm32f1xx_hal_flash.o(i.HAL_FLASH_Program) refers to stm32f1xx_hal_flash.o(i.FLASH_Program_HalfWord) for FLASH_Program_HalfWord
    stm32f1xx_hal_flash.o(i.HAL_FLASH_Program) refers to stm32f1xx_hal_flash.o(.bss) for .bss
    stm32f1xx_hal_flash.o(i.HAL_FLASH_Program_IT) refers to stm32f1xx_hal_flash.o(i.FLASH_Program_HalfWord) for FLASH_Program_HalfWord
    stm32f1xx_hal_flash.o(i.HAL_FLASH_Program_IT) refers to stm32f1xx_hal_flash.o(.bss) for .bss
    stm32f1xx_hal_flash_ex.o(i.FLASH_MassErase) refers to stm32f1xx_hal_flash.o(.bss) for pFlash
    stm32f1xx_hal_flash_ex.o(i.FLASH_OB_DisableWRP) refers to stm32f1xx_hal_flash_ex.o(i.FLASH_OB_GetWRP) for FLASH_OB_GetWRP
    stm32f1xx_hal_flash_ex.o(i.FLASH_OB_DisableWRP) refers to stm32f1xx_hal_flash.o(i.FLASH_WaitForLastOperation) for FLASH_WaitForLastOperation
    stm32f1xx_hal_flash_ex.o(i.FLASH_OB_DisableWRP) refers to stm32f1xx_hal_flash_ex.o(i.HAL_FLASHEx_OBErase) for HAL_FLASHEx_OBErase
    stm32f1xx_hal_flash_ex.o(i.FLASH_OB_DisableWRP) refers to stm32f1xx_hal_flash.o(.bss) for pFlash
    stm32f1xx_hal_flash_ex.o(i.FLASH_OB_EnableWRP) refers to stm32f1xx_hal_flash_ex.o(i.FLASH_OB_GetWRP) for FLASH_OB_GetWRP
    stm32f1xx_hal_flash_ex.o(i.FLASH_OB_EnableWRP) refers to stm32f1xx_hal_flash.o(i.FLASH_WaitForLastOperation) for FLASH_WaitForLastOperation
    stm32f1xx_hal_flash_ex.o(i.FLASH_OB_EnableWRP) refers to stm32f1xx_hal_flash_ex.o(i.HAL_FLASHEx_OBErase) for HAL_FLASHEx_OBErase
    stm32f1xx_hal_flash_ex.o(i.FLASH_OB_EnableWRP) refers to stm32f1xx_hal_flash.o(.bss) for pFlash
    stm32f1xx_hal_flash_ex.o(i.FLASH_OB_ProgramData) refers to stm32f1xx_hal_flash.o(i.FLASH_WaitForLastOperation) for FLASH_WaitForLastOperation
    stm32f1xx_hal_flash_ex.o(i.FLASH_OB_ProgramData) refers to stm32f1xx_hal_flash.o(.bss) for pFlash
    stm32f1xx_hal_flash_ex.o(i.FLASH_OB_RDP_LevelConfig) refers to stm32f1xx_hal_flash.o(i.FLASH_WaitForLastOperation) for FLASH_WaitForLastOperation
    stm32f1xx_hal_flash_ex.o(i.FLASH_OB_RDP_LevelConfig) refers to stm32f1xx_hal_flash.o(.bss) for pFlash
    stm32f1xx_hal_flash_ex.o(i.FLASH_OB_UserConfig) refers to stm32f1xx_hal_flash.o(i.FLASH_WaitForLastOperation) for FLASH_WaitForLastOperation
    stm32f1xx_hal_flash_ex.o(i.FLASH_OB_UserConfig) refers to stm32f1xx_hal_flash.o(.bss) for pFlash
    stm32f1xx_hal_flash_ex.o(i.FLASH_PageErase) refers to stm32f1xx_hal_flash.o(.bss) for pFlash
    stm32f1xx_hal_flash_ex.o(i.HAL_FLASHEx_Erase) refers to stm32f1xx_hal_flash.o(i.FLASH_WaitForLastOperation) for FLASH_WaitForLastOperation
    stm32f1xx_hal_flash_ex.o(i.HAL_FLASHEx_Erase) refers to stm32f1xx_hal_flash_ex.o(i.FLASH_MassErase) for FLASH_MassErase
    stm32f1xx_hal_flash_ex.o(i.HAL_FLASHEx_Erase) refers to stm32f1xx_hal_flash_ex.o(i.FLASH_PageErase) for FLASH_PageErase
    stm32f1xx_hal_flash_ex.o(i.HAL_FLASHEx_Erase) refers to stm32f1xx_hal_flash.o(.bss) for pFlash
    stm32f1xx_hal_flash_ex.o(i.HAL_FLASHEx_Erase_IT) refers to stm32f1xx_hal_flash_ex.o(i.FLASH_PageErase) for FLASH_PageErase
    stm32f1xx_hal_flash_ex.o(i.HAL_FLASHEx_Erase_IT) refers to stm32f1xx_hal_flash_ex.o(i.FLASH_MassErase) for FLASH_MassErase
    stm32f1xx_hal_flash_ex.o(i.HAL_FLASHEx_Erase_IT) refers to stm32f1xx_hal_flash.o(.bss) for pFlash
    stm32f1xx_hal_flash_ex.o(i.HAL_FLASHEx_OBErase) refers to stm32f1xx_hal_flash_ex.o(i.FLASH_OB_GetRDP) for FLASH_OB_GetRDP
    stm32f1xx_hal_flash_ex.o(i.HAL_FLASHEx_OBErase) refers to stm32f1xx_hal_flash.o(i.FLASH_WaitForLastOperation) for FLASH_WaitForLastOperation
    stm32f1xx_hal_flash_ex.o(i.HAL_FLASHEx_OBErase) refers to stm32f1xx_hal_flash_ex.o(i.FLASH_OB_RDP_LevelConfig) for FLASH_OB_RDP_LevelConfig
    stm32f1xx_hal_flash_ex.o(i.HAL_FLASHEx_OBErase) refers to stm32f1xx_hal_flash.o(.bss) for pFlash
    stm32f1xx_hal_flash_ex.o(i.HAL_FLASHEx_OBGetConfig) refers to stm32f1xx_hal_flash_ex.o(i.FLASH_OB_GetWRP) for FLASH_OB_GetWRP
    stm32f1xx_hal_flash_ex.o(i.HAL_FLASHEx_OBGetConfig) refers to stm32f1xx_hal_flash_ex.o(i.FLASH_OB_GetRDP) for FLASH_OB_GetRDP
    stm32f1xx_hal_flash_ex.o(i.HAL_FLASHEx_OBGetConfig) refers to stm32f1xx_hal_flash_ex.o(i.FLASH_OB_GetUser) for FLASH_OB_GetUser
    stm32f1xx_hal_flash_ex.o(i.HAL_FLASHEx_OBProgram) refers to stm32f1xx_hal_flash_ex.o(i.FLASH_OB_DisableWRP) for FLASH_OB_DisableWRP
    stm32f1xx_hal_flash_ex.o(i.HAL_FLASHEx_OBProgram) refers to stm32f1xx_hal_flash_ex.o(i.FLASH_OB_EnableWRP) for FLASH_OB_EnableWRP
    stm32f1xx_hal_flash_ex.o(i.HAL_FLASHEx_OBProgram) refers to stm32f1xx_hal_flash_ex.o(i.FLASH_OB_RDP_LevelConfig) for FLASH_OB_RDP_LevelConfig
    stm32f1xx_hal_flash_ex.o(i.HAL_FLASHEx_OBProgram) refers to stm32f1xx_hal_flash_ex.o(i.FLASH_OB_UserConfig) for FLASH_OB_UserConfig
    stm32f1xx_hal_flash_ex.o(i.HAL_FLASHEx_OBProgram) refers to stm32f1xx_hal_flash_ex.o(i.FLASH_OB_ProgramData) for FLASH_OB_ProgramData
    stm32f1xx_hal_flash_ex.o(i.HAL_FLASHEx_OBProgram) refers to stm32f1xx_hal_flash.o(.bss) for pFlash
    entry.o(.ARM.Collect$$$$00000000) refers (Special) to entry10a.o(.ARM.Collect$$$$0000000D) for __rt_final_cpp
    entry.o(.ARM.Collect$$$$00000000) refers (Special) to entry11a.o(.ARM.Collect$$$$0000000F) for __rt_final_exit
    entry.o(.ARM.Collect$$$$00000000) refers (Special) to entry7b.o(.ARM.Collect$$$$00000008) for _main_clock
    entry.o(.ARM.Collect$$$$00000000) refers (Special) to entry8b.o(.ARM.Collect$$$$0000000A) for _main_cpp_init
    entry.o(.ARM.Collect$$$$00000000) refers (Special) to entry9a.o(.ARM.Collect$$$$0000000B) for _main_init
    entry.o(.ARM.Collect$$$$00000000) refers (Special) to entry5.o(.ARM.Collect$$$$00000004) for _main_scatterload
    entry.o(.ARM.Collect$$$$00000000) refers (Special) to entry2.o(.ARM.Collect$$$$00000001) for _main_stk
    entry2.o(.ARM.Collect$$$$00000001) refers to entry2.o(.ARM.Collect$$$$00002712) for __lit__00000000
    entry2.o(.ARM.Collect$$$$00002712) refers to startup_stm32f103xb.o(STACK) for __initial_sp
    entry2.o(__vectab_stack_and_reset_area) refers to startup_stm32f103xb.o(STACK) for __initial_sp
    entry2.o(__vectab_stack_and_reset_area) refers to entry.o(.ARM.Collect$$$$00000000) for __main
    entry5.o(.ARM.Collect$$$$00000004) refers to init.o(.text) for __scatterload
    entry9a.o(.ARM.Collect$$$$0000000B) refers to main.o(i.main) for main
    entry9b.o(.ARM.Collect$$$$0000000C) refers to main.o(i.main) for main
    init.o(.text) refers to entry5.o(.ARM.Collect$$$$00000004) for __main_after_scatterload


==============================================================================

Removing Unused input sections from the image.

    Removing startup_stm32f103xb.o(HEAP), (512 bytes).
    Removing flash.o(.rev16_text), (4 bytes).
    Removing flash.o(.revsh_text), (4 bytes).
    Removing flash.o(.rrx_text), (6 bytes).
    Removing main.o(.rev16_text), (4 bytes).
    Removing main.o(.revsh_text), (4 bytes).
    Removing main.o(.rrx_text), (6 bytes).
    Removing main.o(i.Error_Handler), (2 bytes).
    Removing gpio.o(.rev16_text), (4 bytes).
    Removing gpio.o(.revsh_text), (4 bytes).
    Removing gpio.o(.rrx_text), (6 bytes).
    Removing stm32f1xx_it.o(.rev16_text), (4 bytes).
    Removing stm32f1xx_it.o(.revsh_text), (4 bytes).
    Removing stm32f1xx_it.o(.rrx_text), (6 bytes).
    Removing stm32f1xx_hal_msp.o(.rev16_text), (4 bytes).
    Removing stm32f1xx_hal_msp.o(.revsh_text), (4 bytes).
    Removing stm32f1xx_hal_msp.o(.rrx_text), (6 bytes).
    Removing system_stm32f1xx.o(.rev16_text), (4 bytes).
    Removing system_stm32f1xx.o(.revsh_text), (4 bytes).
    Removing system_stm32f1xx.o(.rrx_text), (6 bytes).
    Removing system_stm32f1xx.o(i.SystemCoreClockUpdate), (104 bytes).
    Removing system_stm32f1xx.o(.constdata), (8 bytes).
    Removing stm32f1xx_hal_gpio_ex.o(.rev16_text), (4 bytes).
    Removing stm32f1xx_hal_gpio_ex.o(.revsh_text), (4 bytes).
    Removing stm32f1xx_hal_gpio_ex.o(.rrx_text), (6 bytes).
    Removing stm32f1xx_hal_gpio_ex.o(i.HAL_GPIOEx_ConfigEventout), (20 bytes).
    Removing stm32f1xx_hal_gpio_ex.o(i.HAL_GPIOEx_DisableEventout), (16 bytes).
    Removing stm32f1xx_hal_gpio_ex.o(i.HAL_GPIOEx_EnableEventout), (16 bytes).
    Removing stm32f1xx_hal_tim.o(.rev16_text), (4 bytes).
    Removing stm32f1xx_hal_tim.o(.revsh_text), (4 bytes).
    Removing stm32f1xx_hal_tim.o(.rrx_text), (6 bytes).
    Removing stm32f1xx_hal_tim_ex.o(.rev16_text), (4 bytes).
    Removing stm32f1xx_hal_tim_ex.o(.revsh_text), (4 bytes).
    Removing stm32f1xx_hal_tim_ex.o(.rrx_text), (6 bytes).
    Removing stm32f1xx_hal.o(.rev16_text), (4 bytes).
    Removing stm32f1xx_hal.o(.revsh_text), (4 bytes).
    Removing stm32f1xx_hal.o(.rrx_text), (6 bytes).
    Removing stm32f1xx_hal.o(i.HAL_DBGMCU_DisableDBGSleepMode), (16 bytes).
    Removing stm32f1xx_hal.o(i.HAL_DBGMCU_DisableDBGStandbyMode), (16 bytes).
    Removing stm32f1xx_hal.o(i.HAL_DBGMCU_DisableDBGStopMode), (16 bytes).
    Removing stm32f1xx_hal.o(i.HAL_DBGMCU_EnableDBGSleepMode), (16 bytes).
    Removing stm32f1xx_hal.o(i.HAL_DBGMCU_EnableDBGStandbyMode), (16 bytes).
    Removing stm32f1xx_hal.o(i.HAL_DBGMCU_EnableDBGStopMode), (16 bytes).
    Removing stm32f1xx_hal.o(i.HAL_DeInit), (32 bytes).
    Removing stm32f1xx_hal.o(i.HAL_Delay), (40 bytes).
    Removing stm32f1xx_hal.o(i.HAL_GetDEVID), (16 bytes).
    Removing stm32f1xx_hal.o(i.HAL_GetHalVersion), (8 bytes).
    Removing stm32f1xx_hal.o(i.HAL_GetREVID), (12 bytes).
    Removing stm32f1xx_hal.o(i.HAL_GetTickFreq), (12 bytes).
    Removing stm32f1xx_hal.o(i.HAL_GetTickPrio), (12 bytes).
    Removing stm32f1xx_hal.o(i.HAL_GetUID), (32 bytes).
    Removing stm32f1xx_hal.o(i.HAL_MspDeInit), (2 bytes).
    Removing stm32f1xx_hal.o(i.HAL_MspInit), (2 bytes).
    Removing stm32f1xx_hal.o(i.HAL_ResumeTick), (14 bytes).
    Removing stm32f1xx_hal.o(i.HAL_SetTickFreq), (32 bytes).
    Removing stm32f1xx_hal.o(i.HAL_SuspendTick), (14 bytes).
    Removing stm32f1xx_hal_rcc.o(.rev16_text), (4 bytes).
    Removing stm32f1xx_hal_rcc.o(.revsh_text), (4 bytes).
    Removing stm32f1xx_hal_rcc.o(.rrx_text), (6 bytes).
    Removing stm32f1xx_hal_rcc.o(i.HAL_RCC_CSSCallback), (2 bytes).
    Removing stm32f1xx_hal_rcc.o(i.HAL_RCC_DeInit), (260 bytes).
    Removing stm32f1xx_hal_rcc.o(i.HAL_RCC_DisableCSS), (12 bytes).
    Removing stm32f1xx_hal_rcc.o(i.HAL_RCC_EnableCSS), (12 bytes).
    Removing stm32f1xx_hal_rcc.o(i.HAL_RCC_GetClockConfig), (60 bytes).
    Removing stm32f1xx_hal_rcc.o(i.HAL_RCC_GetHCLKFreq), (12 bytes).
    Removing stm32f1xx_hal_rcc.o(i.HAL_RCC_GetOscConfig), (172 bytes).
    Removing stm32f1xx_hal_rcc.o(i.HAL_RCC_GetPCLK1Freq), (32 bytes).
    Removing stm32f1xx_hal_rcc.o(i.HAL_RCC_GetPCLK2Freq), (32 bytes).
    Removing stm32f1xx_hal_rcc.o(i.HAL_RCC_MCOConfig), (72 bytes).
    Removing stm32f1xx_hal_rcc.o(i.HAL_RCC_NMI_IRQHandler), (28 bytes).
    Removing stm32f1xx_hal_rcc_ex.o(.rev16_text), (4 bytes).
    Removing stm32f1xx_hal_rcc_ex.o(.revsh_text), (4 bytes).
    Removing stm32f1xx_hal_rcc_ex.o(.rrx_text), (6 bytes).
    Removing stm32f1xx_hal_rcc_ex.o(i.HAL_RCCEx_GetPeriphCLKConfig), (44 bytes).
    Removing stm32f1xx_hal_rcc_ex.o(i.HAL_RCCEx_GetPeriphCLKFreq), (252 bytes).
    Removing stm32f1xx_hal_rcc_ex.o(i.HAL_RCCEx_PeriphCLKConfig), (304 bytes).
    Removing stm32f1xx_hal_gpio.o(.rev16_text), (4 bytes).
    Removing stm32f1xx_hal_gpio.o(.revsh_text), (4 bytes).
    Removing stm32f1xx_hal_gpio.o(.rrx_text), (6 bytes).
    Removing stm32f1xx_hal_gpio.o(i.HAL_GPIO_DeInit), (292 bytes).
    Removing stm32f1xx_hal_gpio.o(i.HAL_GPIO_EXTI_Callback), (2 bytes).
    Removing stm32f1xx_hal_gpio.o(i.HAL_GPIO_EXTI_IRQHandler), (24 bytes).
    Removing stm32f1xx_hal_gpio.o(i.HAL_GPIO_LockPin), (42 bytes).
    Removing stm32f1xx_hal_gpio.o(i.HAL_GPIO_ReadPin), (14 bytes).
    Removing stm32f1xx_hal_gpio.o(i.HAL_GPIO_TogglePin), (8 bytes).
    Removing stm32f1xx_hal_dma.o(.rev16_text), (4 bytes).
    Removing stm32f1xx_hal_dma.o(.revsh_text), (4 bytes).
    Removing stm32f1xx_hal_dma.o(.rrx_text), (6 bytes).
    Removing stm32f1xx_hal_dma.o(i.DMA_SetConfig), (56 bytes).
    Removing stm32f1xx_hal_dma.o(i.HAL_DMA_Abort), (48 bytes).
    Removing stm32f1xx_hal_dma.o(i.HAL_DMA_Abort_IT), (164 bytes).
    Removing stm32f1xx_hal_dma.o(i.HAL_DMA_DeInit), (104 bytes).
    Removing stm32f1xx_hal_dma.o(i.HAL_DMA_GetError), (4 bytes).
    Removing stm32f1xx_hal_dma.o(i.HAL_DMA_GetState), (6 bytes).
    Removing stm32f1xx_hal_dma.o(i.HAL_DMA_IRQHandler), (368 bytes).
    Removing stm32f1xx_hal_dma.o(i.HAL_DMA_Init), (132 bytes).
    Removing stm32f1xx_hal_dma.o(i.HAL_DMA_PollForTransfer), (580 bytes).
    Removing stm32f1xx_hal_dma.o(i.HAL_DMA_RegisterCallback), (80 bytes).
    Removing stm32f1xx_hal_dma.o(i.HAL_DMA_Start), (88 bytes).
    Removing stm32f1xx_hal_dma.o(i.HAL_DMA_Start_IT), (124 bytes).
    Removing stm32f1xx_hal_dma.o(i.HAL_DMA_UnRegisterCallback), (86 bytes).
    Removing stm32f1xx_hal_cortex.o(.rev16_text), (4 bytes).
    Removing stm32f1xx_hal_cortex.o(.revsh_text), (4 bytes).
    Removing stm32f1xx_hal_cortex.o(.rrx_text), (6 bytes).
    Removing stm32f1xx_hal_cortex.o(i.HAL_NVIC_ClearPendingIRQ), (24 bytes).
    Removing stm32f1xx_hal_cortex.o(i.HAL_NVIC_DisableIRQ), (24 bytes).
    Removing stm32f1xx_hal_cortex.o(i.HAL_NVIC_EnableIRQ), (24 bytes).
    Removing stm32f1xx_hal_cortex.o(i.HAL_NVIC_GetActive), (34 bytes).
    Removing stm32f1xx_hal_cortex.o(i.HAL_NVIC_GetPendingIRQ), (34 bytes).
    Removing stm32f1xx_hal_cortex.o(i.HAL_NVIC_GetPriority), (94 bytes).
    Removing stm32f1xx_hal_cortex.o(i.HAL_NVIC_GetPriorityGrouping), (16 bytes).
    Removing stm32f1xx_hal_cortex.o(i.HAL_NVIC_SetPendingIRQ), (24 bytes).
    Removing stm32f1xx_hal_cortex.o(i.HAL_NVIC_SystemReset), (36 bytes).
    Removing stm32f1xx_hal_cortex.o(i.HAL_SYSTICK_CLKSourceConfig), (28 bytes).
    Removing stm32f1xx_hal_cortex.o(i.HAL_SYSTICK_Callback), (2 bytes).
    Removing stm32f1xx_hal_cortex.o(i.HAL_SYSTICK_IRQHandler), (8 bytes).
    Removing stm32f1xx_hal_pwr.o(.rev16_text), (4 bytes).
    Removing stm32f1xx_hal_pwr.o(.revsh_text), (4 bytes).
    Removing stm32f1xx_hal_pwr.o(.rrx_text), (6 bytes).
    Removing stm32f1xx_hal_pwr.o(i.HAL_PWR_ConfigPVD), (148 bytes).
    Removing stm32f1xx_hal_pwr.o(i.HAL_PWR_DeInit), (24 bytes).
    Removing stm32f1xx_hal_pwr.o(i.HAL_PWR_DisableBkUpAccess), (12 bytes).
    Removing stm32f1xx_hal_pwr.o(i.HAL_PWR_DisablePVD), (12 bytes).
    Removing stm32f1xx_hal_pwr.o(i.HAL_PWR_DisableSEVOnPend), (16 bytes).
    Removing stm32f1xx_hal_pwr.o(i.HAL_PWR_DisableSleepOnExit), (16 bytes).
    Removing stm32f1xx_hal_pwr.o(i.HAL_PWR_DisableWakeUpPin), (26 bytes).
    Removing stm32f1xx_hal_pwr.o(i.HAL_PWR_EnableBkUpAccess), (12 bytes).
    Removing stm32f1xx_hal_pwr.o(i.HAL_PWR_EnablePVD), (12 bytes).
    Removing stm32f1xx_hal_pwr.o(i.HAL_PWR_EnableSEVOnPend), (16 bytes).
    Removing stm32f1xx_hal_pwr.o(i.HAL_PWR_EnableSleepOnExit), (16 bytes).
    Removing stm32f1xx_hal_pwr.o(i.HAL_PWR_EnableWakeUpPin), (26 bytes).
    Removing stm32f1xx_hal_pwr.o(i.HAL_PWR_EnterSLEEPMode), (32 bytes).
    Removing stm32f1xx_hal_pwr.o(i.HAL_PWR_EnterSTANDBYMode), (32 bytes).
    Removing stm32f1xx_hal_pwr.o(i.HAL_PWR_EnterSTOPMode), (68 bytes).
    Removing stm32f1xx_hal_pwr.o(i.HAL_PWR_PVDCallback), (2 bytes).
    Removing stm32f1xx_hal_pwr.o(i.HAL_PWR_PVD_IRQHandler), (28 bytes).
    Removing stm32f1xx_hal_pwr.o(i.PWR_OverloadWfe), (6 bytes).
    Removing stm32f1xx_hal_flash.o(.rev16_text), (4 bytes).
    Removing stm32f1xx_hal_flash.o(.revsh_text), (4 bytes).
    Removing stm32f1xx_hal_flash.o(.rrx_text), (6 bytes).
    Removing stm32f1xx_hal_flash.o(i.HAL_FLASH_EndOfOperationCallback), (2 bytes).
    Removing stm32f1xx_hal_flash.o(i.HAL_FLASH_GetError), (12 bytes).
    Removing stm32f1xx_hal_flash.o(i.HAL_FLASH_IRQHandler), (284 bytes).
    Removing stm32f1xx_hal_flash.o(i.HAL_FLASH_OB_Launch), (4 bytes).
    Removing stm32f1xx_hal_flash.o(i.HAL_FLASH_OB_Lock), (20 bytes).
    Removing stm32f1xx_hal_flash.o(i.HAL_FLASH_OB_Unlock), (40 bytes).
    Removing stm32f1xx_hal_flash.o(i.HAL_FLASH_OperationErrorCallback), (2 bytes).
    Removing stm32f1xx_hal_flash.o(i.HAL_FLASH_Program_IT), (104 bytes).
    Removing stm32f1xx_hal_flash_ex.o(.rev16_text), (4 bytes).
    Removing stm32f1xx_hal_flash_ex.o(.revsh_text), (4 bytes).
    Removing stm32f1xx_hal_flash_ex.o(.rrx_text), (6 bytes).
    Removing stm32f1xx_hal_flash_ex.o(i.FLASH_MassErase), (36 bytes).
    Removing stm32f1xx_hal_flash_ex.o(i.FLASH_OB_DisableWRP), (192 bytes).
    Removing stm32f1xx_hal_flash_ex.o(i.FLASH_OB_EnableWRP), (192 bytes).
    Removing stm32f1xx_hal_flash_ex.o(i.FLASH_OB_GetRDP), (24 bytes).
    Removing stm32f1xx_hal_flash_ex.o(i.FLASH_OB_GetUser), (16 bytes).
    Removing stm32f1xx_hal_flash_ex.o(i.FLASH_OB_GetWRP), (12 bytes).
    Removing stm32f1xx_hal_flash_ex.o(i.FLASH_OB_ProgramData), (60 bytes).
    Removing stm32f1xx_hal_flash_ex.o(i.FLASH_OB_RDP_LevelConfig), (100 bytes).
    Removing stm32f1xx_hal_flash_ex.o(i.FLASH_OB_UserConfig), (68 bytes).
    Removing stm32f1xx_hal_flash_ex.o(i.HAL_FLASHEx_Erase), (180 bytes).
    Removing stm32f1xx_hal_flash_ex.o(i.HAL_FLASHEx_Erase_IT), (88 bytes).
    Removing stm32f1xx_hal_flash_ex.o(i.HAL_FLASHEx_OBErase), (84 bytes).
    Removing stm32f1xx_hal_flash_ex.o(i.HAL_FLASHEx_OBGetConfig), (28 bytes).
    Removing stm32f1xx_hal_flash_ex.o(i.HAL_FLASHEx_OBGetUserData), (32 bytes).
    Removing stm32f1xx_hal_flash_ex.o(i.HAL_FLASHEx_OBProgram), (132 bytes).

166 unused section(s) (total 7334 bytes) removed from the image.

==============================================================================

Image Symbol Table

    Local Symbols

    Symbol Name                              Value     Ov Type        Size  Object(Section)

    ../Drivers/STM32F1xx_HAL_Driver/Src/stm32f1xx_hal.c 0x00000000   Number         0  stm32f1xx_hal.o ABSOLUTE
    ../Drivers/STM32F1xx_HAL_Driver/Src/stm32f1xx_hal_cortex.c 0x00000000   Number         0  stm32f1xx_hal_cortex.o ABSOLUTE
    ../Drivers/STM32F1xx_HAL_Driver/Src/stm32f1xx_hal_dma.c 0x00000000   Number         0  stm32f1xx_hal_dma.o ABSOLUTE
    ../Drivers/STM32F1xx_HAL_Driver/Src/stm32f1xx_hal_flash.c 0x00000000   Number         0  stm32f1xx_hal_flash.o ABSOLUTE
    ../Drivers/STM32F1xx_HAL_Driver/Src/stm32f1xx_hal_flash_ex.c 0x00000000   Number         0  stm32f1xx_hal_flash_ex.o ABSOLUTE
    ../Drivers/STM32F1xx_HAL_Driver/Src/stm32f1xx_hal_gpio.c 0x00000000   Number         0  stm32f1xx_hal_gpio.o ABSOLUTE
    ../Drivers/STM32F1xx_HAL_Driver/Src/stm32f1xx_hal_gpio_ex.c 0x00000000   Number         0  stm32f1xx_hal_gpio_ex.o ABSOLUTE
    ../Drivers/STM32F1xx_HAL_Driver/Src/stm32f1xx_hal_pwr.c 0x00000000   Number         0  stm32f1xx_hal_pwr.o ABSOLUTE
    ../Drivers/STM32F1xx_HAL_Driver/Src/stm32f1xx_hal_rcc.c 0x00000000   Number         0  stm32f1xx_hal_rcc.o ABSOLUTE
    ../Drivers/STM32F1xx_HAL_Driver/Src/stm32f1xx_hal_rcc_ex.c 0x00000000   Number         0  stm32f1xx_hal_rcc_ex.o ABSOLUTE
    ../Drivers/STM32F1xx_HAL_Driver/Src/stm32f1xx_hal_tim.c 0x00000000   Number         0  stm32f1xx_hal_tim.o ABSOLUTE
    ../Drivers/STM32F1xx_HAL_Driver/Src/stm32f1xx_hal_tim_ex.c 0x00000000   Number         0  stm32f1xx_hal_tim_ex.o ABSOLUTE
    ../Src/gpio.c                            0x00000000   Number         0  gpio.o ABSOLUTE
    ../Src/main.c                            0x00000000   Number         0  main.o ABSOLUTE
    ../Src/stm32f1xx_hal_msp.c               0x00000000   Number         0  stm32f1xx_hal_msp.o ABSOLUTE
    ../Src/stm32f1xx_it.c                    0x00000000   Number         0  stm32f1xx_it.o ABSOLUTE
    ../Src/system_stm32f1xx.c                0x00000000   Number         0  system_stm32f1xx.o ABSOLUTE
    ../clib/microlib/init/entry.s            0x00000000   Number         0  entry10b.o ABSOLUTE
    ../clib/microlib/init/entry.s            0x00000000   Number         0  entry11a.o ABSOLUTE
    ../clib/microlib/init/entry.s            0x00000000   Number         0  entry11b.o ABSOLUTE
    ../clib/microlib/init/entry.s            0x00000000   Number         0  entry5.o ABSOLUTE
    ../clib/microlib/init/entry.s            0x00000000   Number         0  entry2.o ABSOLUTE
    ../clib/microlib/init/entry.s            0x00000000   Number         0  entry9a.o ABSOLUTE
    ../clib/microlib/init/entry.s            0x00000000   Number         0  entry8b.o ABSOLUTE
    ../clib/microlib/init/entry.s            0x00000000   Number         0  entry8a.o ABSOLUTE
    ../clib/microlib/init/entry.s            0x00000000   Number         0  entry9b.o ABSOLUTE
    ../clib/microlib/init/entry.s            0x00000000   Number         0  entry.o ABSOLUTE
    ../clib/microlib/init/entry.s            0x00000000   Number         0  entry7b.o ABSOLUTE
    ../clib/microlib/init/entry.s            0x00000000   Number         0  entry7a.o ABSOLUTE
    ../clib/microlib/init/entry.s            0x00000000   Number         0  entry10a.o ABSOLUTE
    ../clib/microlib/longlong.c              0x00000000   Number         0  llushr.o ABSOLUTE
    ../clib/microlib/string/memcpy.c         0x00000000   Number         0  memcpyb.o ABSOLUTE
    ../clib/microlib/string/memcpy.c         0x00000000   Number         0  memcpya.o ABSOLUTE
    ../clib/microlib/string/memset.c         0x00000000   Number         0  memseta.o ABSOLUTE
    ..\Drivers\STM32F1xx_HAL_Driver\Src\stm32f1xx_hal.c 0x00000000   Number         0  stm32f1xx_hal.o ABSOLUTE
    ..\Drivers\STM32F1xx_HAL_Driver\Src\stm32f1xx_hal_cortex.c 0x00000000   Number         0  stm32f1xx_hal_cortex.o ABSOLUTE
    ..\Drivers\STM32F1xx_HAL_Driver\Src\stm32f1xx_hal_dma.c 0x00000000   Number         0  stm32f1xx_hal_dma.o ABSOLUTE
    ..\Drivers\STM32F1xx_HAL_Driver\Src\stm32f1xx_hal_flash.c 0x00000000   Number         0  stm32f1xx_hal_flash.o ABSOLUTE
    ..\Drivers\STM32F1xx_HAL_Driver\Src\stm32f1xx_hal_flash_ex.c 0x00000000   Number         0  stm32f1xx_hal_flash_ex.o ABSOLUTE
    ..\Drivers\STM32F1xx_HAL_Driver\Src\stm32f1xx_hal_gpio.c 0x00000000   Number         0  stm32f1xx_hal_gpio.o ABSOLUTE
    ..\Drivers\STM32F1xx_HAL_Driver\Src\stm32f1xx_hal_gpio_ex.c 0x00000000   Number         0  stm32f1xx_hal_gpio_ex.o ABSOLUTE
    ..\Drivers\STM32F1xx_HAL_Driver\Src\stm32f1xx_hal_pwr.c 0x00000000   Number         0  stm32f1xx_hal_pwr.o ABSOLUTE
    ..\Drivers\STM32F1xx_HAL_Driver\Src\stm32f1xx_hal_rcc.c 0x00000000   Number         0  stm32f1xx_hal_rcc.o ABSOLUTE
    ..\Drivers\STM32F1xx_HAL_Driver\Src\stm32f1xx_hal_rcc_ex.c 0x00000000   Number         0  stm32f1xx_hal_rcc_ex.o ABSOLUTE
    ..\Drivers\STM32F1xx_HAL_Driver\Src\stm32f1xx_hal_tim.c 0x00000000   Number         0  stm32f1xx_hal_tim.o ABSOLUTE
    ..\Drivers\STM32F1xx_HAL_Driver\Src\stm32f1xx_hal_tim_ex.c 0x00000000   Number         0  stm32f1xx_hal_tim_ex.o ABSOLUTE
    ..\Src\flash.c                           0x00000000   Number         0  flash.o ABSOLUTE
    ..\Src\gpio.c                            0x00000000   Number         0  gpio.o ABSOLUTE
    ..\Src\main.c                            0x00000000   Number         0  main.o ABSOLUTE
    ..\Src\stm32f1xx_hal_msp.c               0x00000000   Number         0  stm32f1xx_hal_msp.o ABSOLUTE
    ..\Src\stm32f1xx_it.c                    0x00000000   Number         0  stm32f1xx_it.o ABSOLUTE
    ..\Src\system_stm32f1xx.c                0x00000000   Number         0  system_stm32f1xx.o ABSOLUTE
    ..\\Src\\flash.c                         0x00000000   Number         0  flash.o ABSOLUTE
    dc.s                                     0x00000000   Number         0  dc.o ABSOLUTE
    handlers.s                               0x00000000   Number         0  handlers.o ABSOLUTE
    init.s                                   0x00000000   Number         0  init.o ABSOLUTE
    startup_stm32f103xb.s                    0x00000000   Number         0  startup_stm32f103xb.o ABSOLUTE
    RESET                                    0x08000000   Section      236  startup_stm32f103xb.o(RESET)
    .ARM.Collect$$$$00000000                 0x080000ec   Section        0  entry.o(.ARM.Collect$$$$00000000)
    .ARM.Collect$$$$00000001                 0x080000ec   Section        4  entry2.o(.ARM.Collect$$$$00000001)
    .ARM.Collect$$$$00000004                 0x080000f0   Section        4  entry5.o(.ARM.Collect$$$$00000004)
    .ARM.Collect$$$$00000008                 0x080000f4   Section        0  entry7b.o(.ARM.Collect$$$$00000008)
    .ARM.Collect$$$$0000000A                 0x080000f4   Section        0  entry8b.o(.ARM.Collect$$$$0000000A)
    .ARM.Collect$$$$0000000B                 0x080000f4   Section        8  entry9a.o(.ARM.Collect$$$$0000000B)
    .ARM.Collect$$$$0000000D                 0x080000fc   Section        0  entry10a.o(.ARM.Collect$$$$0000000D)
    .ARM.Collect$$$$0000000F                 0x080000fc   Section        0  entry11a.o(.ARM.Collect$$$$0000000F)
    .ARM.Collect$$$$00002712                 0x080000fc   Section        4  entry2.o(.ARM.Collect$$$$00002712)
    __lit__00000000                          0x080000fc   Data           4  entry2.o(.ARM.Collect$$$$00002712)
    .text                                    0x08000100   Section       36  startup_stm32f103xb.o(.text)
    .text                                    0x08000124   Section        0  llushr.o(.text)
    .text                                    0x08000144   Section        0  memcpya.o(.text)
    .text                                    0x08000168   Section        0  memseta.o(.text)
    .text                                    0x0800018c   Section       36  init.o(.text)
    i.BusFault_Handler                       0x080001b0   Section        0  stm32f1xx_it.o(i.BusFault_Handler)
    i.DebugMon_Handler                       0x080001b2   Section        0  stm32f1xx_it.o(i.DebugMon_Handler)
    i.FLASH_PageErase                        0x080001b4   Section        0  stm32f1xx_hal_flash_ex.o(i.FLASH_PageErase)
    i.FLASH_Program_HalfWord                 0x080001d8   Section        0  stm32f1xx_hal_flash.o(i.FLASH_Program_HalfWord)
    FLASH_Program_HalfWord                   0x080001d9   Thumb Code    20  stm32f1xx_hal_flash.o(i.FLASH_Program_HalfWord)
    i.FLASH_SetErrorCode                     0x080001f4   Section        0  stm32f1xx_hal_flash.o(i.FLASH_SetErrorCode)
    FLASH_SetErrorCode                       0x080001f5   Thumb Code    90  stm32f1xx_hal_flash.o(i.FLASH_SetErrorCode)
    i.FLASH_WaitForLastOperation             0x08000258   Section        0  stm32f1xx_hal_flash.o(i.FLASH_WaitForLastOperation)
    i.FlashReadBuff                          0x080002c0   Section        0  flash.o(i.FlashReadBuff)
    i.FlashWriteBuff                         0x08000304   Section        0  flash.o(i.FlashWriteBuff)
    i.FlashWriteNoCheck                      0x080003b8   Section        0  flash.o(i.FlashWriteNoCheck)
    i.HAL_FLASH_Lock                         0x080003e8   Section        0  stm32f1xx_hal_flash.o(i.HAL_FLASH_Lock)
    i.HAL_FLASH_Program                      0x080003fc   Section        0  stm32f1xx_hal_flash.o(i.HAL_FLASH_Program)
    i.HAL_FLASH_Unlock                       0x08000490   Section        0  stm32f1xx_hal_flash.o(i.HAL_FLASH_Unlock)
    i.HAL_GPIO_Init                          0x080004bc   Section        0  stm32f1xx_hal_gpio.o(i.HAL_GPIO_Init)
    i.HAL_GPIO_WritePin                      0x080006ac   Section        0  stm32f1xx_hal_gpio.o(i.HAL_GPIO_WritePin)
    i.HAL_GetTick                            0x080006bc   Section        0  stm32f1xx_hal.o(i.HAL_GetTick)
    i.HAL_IncTick                            0x080006c8   Section        0  stm32f1xx_hal.o(i.HAL_IncTick)
    i.HAL_Init                               0x080006d8   Section        0  stm32f1xx_hal.o(i.HAL_Init)
    i.HAL_InitTick                           0x080006fc   Section        0  stm32f1xx_hal.o(i.HAL_InitTick)
    i.HAL_MspInit                            0x08000740   Section        0  stm32f1xx_hal_msp.o(i.HAL_MspInit)
    i.HAL_NVIC_SetPriority                   0x0800077c   Section        0  stm32f1xx_hal_cortex.o(i.HAL_NVIC_SetPriority)
    i.HAL_NVIC_SetPriorityGrouping           0x080007e4   Section        0  stm32f1xx_hal_cortex.o(i.HAL_NVIC_SetPriorityGrouping)
    i.HAL_RCC_ClockConfig                    0x08000808   Section        0  stm32f1xx_hal_rcc.o(i.HAL_RCC_ClockConfig)
    i.HAL_RCC_GetSysClockFreq                0x080009c4   Section        0  stm32f1xx_hal_rcc.o(i.HAL_RCC_GetSysClockFreq)
    i.HAL_RCC_OscConfig                      0x08000a3c   Section        0  stm32f1xx_hal_rcc.o(i.HAL_RCC_OscConfig)
    i.HAL_SYSTICK_Config                     0x08000e3c   Section        0  stm32f1xx_hal_cortex.o(i.HAL_SYSTICK_Config)
    i.HardFault_Handler                      0x08000e64   Section        0  stm32f1xx_it.o(i.HardFault_Handler)
    i.MX_GPIO_Init                           0x08000e68   Section        0  gpio.o(i.MX_GPIO_Init)
    i.MemManage_Handler                      0x08000f24   Section        0  stm32f1xx_it.o(i.MemManage_Handler)
    i.NMI_Handler                            0x08000f26   Section        0  stm32f1xx_it.o(i.NMI_Handler)
    i.PendSV_Handler                         0x08000f28   Section        0  stm32f1xx_it.o(i.PendSV_Handler)
    i.RCC_Delay                              0x08000f2c   Section        0  stm32f1xx_hal_rcc.o(i.RCC_Delay)
    RCC_Delay                                0x08000f2d   Thumb Code    32  stm32f1xx_hal_rcc.o(i.RCC_Delay)
    i.SVC_Handler                            0x08000f50   Section        0  stm32f1xx_it.o(i.SVC_Handler)
    i.SysTick_Handler                        0x08000f52   Section        0  stm32f1xx_it.o(i.SysTick_Handler)
    i.SystemClock_Config                     0x08000f56   Section        0  main.o(i.SystemClock_Config)
    i.SystemInit                             0x08000fa4   Section        0  system_stm32f1xx.o(i.SystemInit)
    i.UsageFault_Handler                     0x08000fec   Section        0  stm32f1xx_it.o(i.UsageFault_Handler)
    i.__scatterload_copy                     0x08000fee   Section       14  handlers.o(i.__scatterload_copy)
    i.__scatterload_null                     0x08000ffc   Section        2  handlers.o(i.__scatterload_null)
    i.__scatterload_zeroinit                 0x08000ffe   Section       14  handlers.o(i.__scatterload_zeroinit)
    i.main                                   0x0800100c   Section        0  main.o(i.main)
    .constdata                               0x08001088   Section       16  system_stm32f1xx.o(.constdata)
    .data                                    0x20000000   Section        4  system_stm32f1xx.o(.data)
    .data                                    0x20000004   Section       12  stm32f1xx_hal.o(.data)
    .bss                                     0x20000010   Section      510  main.o(.bss)
    .bss                                     0x20000210   Section       32  stm32f1xx_hal_flash.o(.bss)
    STACK                                    0x20000230   Section     4096  startup_stm32f103xb.o(STACK)

    Global Symbols

    Symbol Name                              Value     Ov Type        Size  Object(Section)

    BuildAttributes$$THM_ISAv4$P$D$K$B$S$PE$A:L22UL41UL21$X:L11$S22US41US21$IEEE1$IW$USESV6$~STKCKD$USESV7$~SHL$OTIME$EBA8$MICROLIB$REQ8$PRES8$EABIv2 0x00000000   Number         0  anon$$obj.o ABSOLUTE
    __ARM_use_no_argv                        0x00000000   Number         0  main.o ABSOLUTE
    __cpp_initialize__aeabi_                  - Undefined Weak Reference
    __cxa_finalize                            - Undefined Weak Reference
    __decompress                              - Undefined Weak Reference
    _clock_init                               - Undefined Weak Reference
    _microlib_exit                            - Undefined Weak Reference
    __Vectors_Size                           0x000000ec   Number         0  startup_stm32f103xb.o ABSOLUTE
    __Vectors                                0x08000000   Data           4  startup_stm32f103xb.o(RESET)
    __Vectors_End                            0x080000ec   Data           0  startup_stm32f103xb.o(RESET)
    __main                                   0x080000ed   Thumb Code     0  entry.o(.ARM.Collect$$$$00000000)
    _main_stk                                0x080000ed   Thumb Code     0  entry2.o(.ARM.Collect$$$$00000001)
    _main_scatterload                        0x080000f1   Thumb Code     0  entry5.o(.ARM.Collect$$$$00000004)
    __main_after_scatterload                 0x080000f5   Thumb Code     0  entry5.o(.ARM.Collect$$$$00000004)
    _main_clock                              0x080000f5   Thumb Code     0  entry7b.o(.ARM.Collect$$$$00000008)
    _main_cpp_init                           0x080000f5   Thumb Code     0  entry8b.o(.ARM.Collect$$$$0000000A)
    _main_init                               0x080000f5   Thumb Code     0  entry9a.o(.ARM.Collect$$$$0000000B)
    __rt_final_cpp                           0x080000fd   Thumb Code     0  entry10a.o(.ARM.Collect$$$$0000000D)
    __rt_final_exit                          0x080000fd   Thumb Code     0  entry11a.o(.ARM.Collect$$$$0000000F)
    Reset_Handler                            0x08000101   Thumb Code     8  startup_stm32f103xb.o(.text)
    ADC1_2_IRQHandler                        0x0800011b   Thumb Code     0  startup_stm32f103xb.o(.text)
    CAN1_RX1_IRQHandler                      0x0800011b   Thumb Code     0  startup_stm32f103xb.o(.text)
    CAN1_SCE_IRQHandler                      0x0800011b   Thumb Code     0  startup_stm32f103xb.o(.text)
    DMA1_Channel1_IRQHandler                 0x0800011b   Thumb Code     0  startup_stm32f103xb.o(.text)
    DMA1_Channel2_IRQHandler                 0x0800011b   Thumb Code     0  startup_stm32f103xb.o(.text)
    DMA1_Channel3_IRQHandler                 0x0800011b   Thumb Code     0  startup_stm32f103xb.o(.text)
    DMA1_Channel4_IRQHandler                 0x0800011b   Thumb Code     0  startup_stm32f103xb.o(.text)
    DMA1_Channel5_IRQHandler                 0x0800011b   Thumb Code     0  startup_stm32f103xb.o(.text)
    DMA1_Channel6_IRQHandler                 0x0800011b   Thumb Code     0  startup_stm32f103xb.o(.text)
    DMA1_Channel7_IRQHandler                 0x0800011b   Thumb Code     0  startup_stm32f103xb.o(.text)
    EXTI0_IRQHandler                         0x0800011b   Thumb Code     0  startup_stm32f103xb.o(.text)
    EXTI15_10_IRQHandler                     0x0800011b   Thumb Code     0  startup_stm32f103xb.o(.text)
    EXTI1_IRQHandler                         0x0800011b   Thumb Code     0  startup_stm32f103xb.o(.text)
    EXTI2_IRQHandler                         0x0800011b   Thumb Code     0  startup_stm32f103xb.o(.text)
    EXTI3_IRQHandler                         0x0800011b   Thumb Code     0  startup_stm32f103xb.o(.text)
    EXTI4_IRQHandler                         0x0800011b   Thumb Code     0  startup_stm32f103xb.o(.text)
    EXTI9_5_IRQHandler                       0x0800011b   Thumb Code     0  startup_stm32f103xb.o(.text)
    FLASH_IRQHandler                         0x0800011b   Thumb Code     0  startup_stm32f103xb.o(.text)
    I2C1_ER_IRQHandler                       0x0800011b   Thumb Code     0  startup_stm32f103xb.o(.text)
    I2C1_EV_IRQHandler                       0x0800011b   Thumb Code     0  startup_stm32f103xb.o(.text)
    I2C2_ER_IRQHandler                       0x0800011b   Thumb Code     0  startup_stm32f103xb.o(.text)
    I2C2_EV_IRQHandler                       0x0800011b   Thumb Code     0  startup_stm32f103xb.o(.text)
    PVD_IRQHandler                           0x0800011b   Thumb Code     0  startup_stm32f103xb.o(.text)
    RCC_IRQHandler                           0x0800011b   Thumb Code     0  startup_stm32f103xb.o(.text)
    RTC_Alarm_IRQHandler                     0x0800011b   Thumb Code     0  startup_stm32f103xb.o(.text)
    RTC_IRQHandler                           0x0800011b   Thumb Code     0  startup_stm32f103xb.o(.text)
    SPI1_IRQHandler                          0x0800011b   Thumb Code     0  startup_stm32f103xb.o(.text)
    SPI2_IRQHandler                          0x0800011b   Thumb Code     0  startup_stm32f103xb.o(.text)
    TAMPER_IRQHandler                        0x0800011b   Thumb Code     0  startup_stm32f103xb.o(.text)
    TIM1_BRK_IRQHandler                      0x0800011b   Thumb Code     0  startup_stm32f103xb.o(.text)
    TIM1_CC_IRQHandler                       0x0800011b   Thumb Code     0  startup_stm32f103xb.o(.text)
    TIM1_TRG_COM_IRQHandler                  0x0800011b   Thumb Code     0  startup_stm32f103xb.o(.text)
    TIM1_UP_IRQHandler                       0x0800011b   Thumb Code     0  startup_stm32f103xb.o(.text)
    TIM2_IRQHandler                          0x0800011b   Thumb Code     0  startup_stm32f103xb.o(.text)
    TIM3_IRQHandler                          0x0800011b   Thumb Code     0  startup_stm32f103xb.o(.text)
    TIM4_IRQHandler                          0x0800011b   Thumb Code     0  startup_stm32f103xb.o(.text)
    USART1_IRQHandler                        0x0800011b   Thumb Code     0  startup_stm32f103xb.o(.text)
    USART2_IRQHandler                        0x0800011b   Thumb Code     0  startup_stm32f103xb.o(.text)
    USART3_IRQHandler                        0x0800011b   Thumb Code     0  startup_stm32f103xb.o(.text)
    USBWakeUp_IRQHandler                     0x0800011b   Thumb Code     0  startup_stm32f103xb.o(.text)
    USB_HP_CAN1_TX_IRQHandler                0x0800011b   Thumb Code     0  startup_stm32f103xb.o(.text)
    USB_LP_CAN1_RX0_IRQHandler               0x0800011b   Thumb Code     0  startup_stm32f103xb.o(.text)
    WWDG_IRQHandler                          0x0800011b   Thumb Code     0  startup_stm32f103xb.o(.text)
    __aeabi_llsr                             0x08000125   Thumb Code    32  llushr.o(.text)
    _ll_ushift_r                             0x08000125   Thumb Code     0  llushr.o(.text)
    __aeabi_memcpy                           0x08000145   Thumb Code    36  memcpya.o(.text)
    __aeabi_memcpy4                          0x08000145   Thumb Code     0  memcpya.o(.text)
    __aeabi_memcpy8                          0x08000145   Thumb Code     0  memcpya.o(.text)
    __aeabi_memset                           0x08000169   Thumb Code    14  memseta.o(.text)
    __aeabi_memset4                          0x08000169   Thumb Code     0  memseta.o(.text)
    __aeabi_memset8                          0x08000169   Thumb Code     0  memseta.o(.text)
    __aeabi_memclr                           0x08000177   Thumb Code     4  memseta.o(.text)
    __aeabi_memclr4                          0x08000177   Thumb Code     0  memseta.o(.text)
    __aeabi_memclr8                          0x08000177   Thumb Code     0  memseta.o(.text)
    _memset$wrapper                          0x0800017b   Thumb Code    18  memseta.o(.text)
    __scatterload                            0x0800018d   Thumb Code    28  init.o(.text)
    __scatterload_rt2                        0x0800018d   Thumb Code     0  init.o(.text)
    BusFault_Handler                         0x080001b1   Thumb Code     2  stm32f1xx_it.o(i.BusFault_Handler)
    DebugMon_Handler                         0x080001b3   Thumb Code     2  stm32f1xx_it.o(i.DebugMon_Handler)
    FLASH_PageErase                          0x080001b5   Thumb Code    28  stm32f1xx_hal_flash_ex.o(i.FLASH_PageErase)
    FLASH_WaitForLastOperation               0x08000259   Thumb Code    98  stm32f1xx_hal_flash.o(i.FLASH_WaitForLastOperation)
    FlashReadBuff                            0x080002c1   Thumb Code    62  flash.o(i.FlashReadBuff)
    FlashWriteBuff                           0x08000305   Thumb Code   172  flash.o(i.FlashWriteBuff)
    FlashWriteNoCheck                        0x080003b9   Thumb Code    48  flash.o(i.FlashWriteNoCheck)
    HAL_FLASH_Lock                           0x080003e9   Thumb Code    14  stm32f1xx_hal_flash.o(i.HAL_FLASH_Lock)
    HAL_FLASH_Program                        0x080003fd   Thumb Code   138  stm32f1xx_hal_flash.o(i.HAL_FLASH_Program)
    HAL_FLASH_Unlock                         0x08000491   Thumb Code    32  stm32f1xx_hal_flash.o(i.HAL_FLASH_Unlock)
    HAL_GPIO_Init                            0x080004bd   Thumb Code   484  stm32f1xx_hal_gpio.o(i.HAL_GPIO_Init)
    HAL_GPIO_WritePin                        0x080006ad   Thumb Code    14  stm32f1xx_hal_gpio.o(i.HAL_GPIO_WritePin)
    HAL_GetTick                              0x080006bd   Thumb Code     6  stm32f1xx_hal.o(i.HAL_GetTick)
    HAL_IncTick                              0x080006c9   Thumb Code    12  stm32f1xx_hal.o(i.HAL_IncTick)
    HAL_Init                                 0x080006d9   Thumb Code    32  stm32f1xx_hal.o(i.HAL_Init)
    HAL_InitTick                             0x080006fd   Thumb Code    58  stm32f1xx_hal.o(i.HAL_InitTick)
    HAL_MspInit                              0x08000741   Thumb Code    52  stm32f1xx_hal_msp.o(i.HAL_MspInit)
    HAL_NVIC_SetPriority                     0x0800077d   Thumb Code    98  stm32f1xx_hal_cortex.o(i.HAL_NVIC_SetPriority)
    HAL_NVIC_SetPriorityGrouping             0x080007e5   Thumb Code    30  stm32f1xx_hal_cortex.o(i.HAL_NVIC_SetPriorityGrouping)
    HAL_RCC_ClockConfig                      0x08000809   Thumb Code   426  stm32f1xx_hal_rcc.o(i.HAL_RCC_ClockConfig)
    HAL_RCC_GetSysClockFreq                  0x080009c5   Thumb Code    88  stm32f1xx_hal_rcc.o(i.HAL_RCC_GetSysClockFreq)
    HAL_RCC_OscConfig                        0x08000a3d   Thumb Code  1024  stm32f1xx_hal_rcc.o(i.HAL_RCC_OscConfig)
    HAL_SYSTICK_Config                       0x08000e3d   Thumb Code    36  stm32f1xx_hal_cortex.o(i.HAL_SYSTICK_Config)
    HardFault_Handler                        0x08000e65   Thumb Code     2  stm32f1xx_it.o(i.HardFault_Handler)
    MX_GPIO_Init                             0x08000e69   Thumb Code   170  gpio.o(i.MX_GPIO_Init)
    MemManage_Handler                        0x08000f25   Thumb Code     2  stm32f1xx_it.o(i.MemManage_Handler)
    NMI_Handler                              0x08000f27   Thumb Code     2  stm32f1xx_it.o(i.NMI_Handler)
    PendSV_Handler                           0x08000f29   Thumb Code     2  stm32f1xx_it.o(i.PendSV_Handler)
    SVC_Handler                              0x08000f51   Thumb Code     2  stm32f1xx_it.o(i.SVC_Handler)
    SysTick_Handler                          0x08000f53   Thumb Code     4  stm32f1xx_it.o(i.SysTick_Handler)
    SystemClock_Config                       0x08000f57   Thumb Code    78  main.o(i.SystemClock_Config)
    SystemInit                               0x08000fa5   Thumb Code    56  system_stm32f1xx.o(i.SystemInit)
    UsageFault_Handler                       0x08000fed   Thumb Code     2  stm32f1xx_it.o(i.UsageFault_Handler)
    __scatterload_copy                       0x08000fef   Thumb Code    14  handlers.o(i.__scatterload_copy)
    __scatterload_null                       0x08000ffd   Thumb Code     2  handlers.o(i.__scatterload_null)
    __scatterload_zeroinit                   0x08000fff   Thumb Code    14  handlers.o(i.__scatterload_zeroinit)
    main                                     0x0800100d   Thumb Code    76  main.o(i.main)
    AHBPrescTable                            0x08001088   Data          16  system_stm32f1xx.o(.constdata)
    Region$$Table$$Base                      0x08001098   Number         0  anon$$obj.o(Region$$Table)
    Region$$Table$$Limit                     0x080010b8   Number         0  anon$$obj.o(Region$$Table)
    SystemCoreClock                          0x20000000   Data           4  system_stm32f1xx.o(.data)
    uwTickFreq                               0x20000004   Data           1  stm32f1xx_hal.o(.data)
    uwTickPrio                               0x20000008   Data           4  stm32f1xx_hal.o(.data)
    uwTick                                   0x2000000c   Data           4  stm32f1xx_hal.o(.data)
    FlashWBuff                               0x20000010   Data         255  main.o(.bss)
    FlashRBuff                               0x2000010f   Data         255  main.o(.bss)
    pFlash                                   0x20000210   Data          32  stm32f1xx_hal_flash.o(.bss)
    __initial_sp                             0x20001230   Data           0  startup_stm32f103xb.o(STACK)



==============================================================================

Memory Map of the image

  Image Entry point : 0x080000ed

  Load Region LR_IROM1 (Base: 0x08000000, Size: 0x000010c8, Max: 0x00010000, ABSOLUTE)

    Execution Region ER_IROM1 (Exec base: 0x08000000, Load base: 0x08000000, Size: 0x000010b8, Max: 0x00010000, ABSOLUTE)

    Exec Addr    Load Addr    Size         Type   Attr      Idx    E Section Name        Object

    0x08000000   0x08000000   0x000000ec   Data   RO            3    RESET               startup_stm32f103xb.o
    0x080000ec   0x080000ec   0x00000000   Code   RO         1310  * .ARM.Collect$$$$00000000  mc_w.l(entry.o)
    0x080000ec   0x080000ec   0x00000004   Code   RO         1321    .ARM.Collect$$$$00000001  mc_w.l(entry2.o)
    0x080000f0   0x080000f0   0x00000004   Code   RO         1324    .ARM.Collect$$$$00000004  mc_w.l(entry5.o)
    0x080000f4   0x080000f4   0x00000000   Code   RO         1326    .ARM.Collect$$$$00000008  mc_w.l(entry7b.o)
    0x080000f4   0x080000f4   0x00000000   Code   RO         1328    .ARM.Collect$$$$0000000A  mc_w.l(entry8b.o)
    0x080000f4   0x080000f4   0x00000008   Code   RO         1329    .ARM.Collect$$$$0000000B  mc_w.l(entry9a.o)
    0x080000fc   0x080000fc   0x00000000   Code   RO         1331    .ARM.Collect$$$$0000000D  mc_w.l(entry10a.o)
    0x080000fc   0x080000fc   0x00000000   Code   RO         1333    .ARM.Collect$$$$0000000F  mc_w.l(entry11a.o)
    0x080000fc   0x080000fc   0x00000004   Code   RO         1322    .ARM.Collect$$$$00002712  mc_w.l(entry2.o)
    0x08000100   0x08000100   0x00000024   Code   RO            4    .text               startup_stm32f103xb.o
    0x08000124   0x08000124   0x00000020   Code   RO         1313    .text               mc_w.l(llushr.o)
    0x08000144   0x08000144   0x00000024   Code   RO         1315    .text               mc_w.l(memcpya.o)
    0x08000168   0x08000168   0x00000024   Code   RO         1317    .text               mc_w.l(memseta.o)
    0x0800018c   0x0800018c   0x00000024   Code   RO         1335    .text               mc_w.l(init.o)
    0x080001b0   0x080001b0   0x00000002   Code   RO          192    i.BusFault_Handler  stm32f1xx_it.o
    0x080001b2   0x080001b2   0x00000002   Code   RO          193    i.DebugMon_Handler  stm32f1xx_it.o
    0x080001b4   0x080001b4   0x00000024   Code   RO         1216    i.FLASH_PageErase   stm32f1xx_hal_flash_ex.o
    0x080001d8   0x080001d8   0x0000001c   Code   RO         1104    i.FLASH_Program_HalfWord  stm32f1xx_hal_flash.o
    0x080001f4   0x080001f4   0x00000064   Code   RO         1105    i.FLASH_SetErrorCode  stm32f1xx_hal_flash.o
    0x08000258   0x08000258   0x00000068   Code   RO         1106    i.FLASH_WaitForLastOperation  stm32f1xx_hal_flash.o
    0x080002c0   0x080002c0   0x00000044   Code   RO           13    i.FlashReadBuff     flash.o
    0x08000304   0x08000304   0x000000b4   Code   RO           14    i.FlashWriteBuff    flash.o
    0x080003b8   0x080003b8   0x00000030   Code   RO           15    i.FlashWriteNoCheck  flash.o
    0x080003e8   0x080003e8   0x00000014   Code   RO         1110    i.HAL_FLASH_Lock    stm32f1xx_hal_flash.o
    0x080003fc   0x080003fc   0x00000094   Code   RO         1115    i.HAL_FLASH_Program  stm32f1xx_hal_flash.o
    0x08000490   0x08000490   0x0000002c   Code   RO         1117    i.HAL_FLASH_Unlock  stm32f1xx_hal_flash.o
    0x080004bc   0x080004bc   0x000001f0   Code   RO          709    i.HAL_GPIO_Init     stm32f1xx_hal_gpio.o
    0x080006ac   0x080006ac   0x0000000e   Code   RO          713    i.HAL_GPIO_WritePin  stm32f1xx_hal_gpio.o
    0x080006ba   0x080006ba   0x00000002   PAD
    0x080006bc   0x080006bc   0x0000000c   Code   RO          412    i.HAL_GetTick       stm32f1xx_hal.o
    0x080006c8   0x080006c8   0x00000010   Code   RO          416    i.HAL_IncTick       stm32f1xx_hal.o
    0x080006d8   0x080006d8   0x00000024   Code   RO          417    i.HAL_Init          stm32f1xx_hal.o
    0x080006fc   0x080006fc   0x00000044   Code   RO          418    i.HAL_InitTick      stm32f1xx_hal.o
    0x08000740   0x08000740   0x0000003c   Code   RO          267    i.HAL_MspInit       stm32f1xx_hal_msp.o
    0x0800077c   0x0800077c   0x00000068   Code   RO          875    i.HAL_NVIC_SetPriority  stm32f1xx_hal_cortex.o
    0x080007e4   0x080007e4   0x00000024   Code   RO          876    i.HAL_NVIC_SetPriorityGrouping  stm32f1xx_hal_cortex.o
    0x08000808   0x08000808   0x000001bc   Code   RO          564    i.HAL_RCC_ClockConfig  stm32f1xx_hal_rcc.o
    0x080009c4   0x080009c4   0x00000078   Code   RO          573    i.HAL_RCC_GetSysClockFreq  stm32f1xx_hal_rcc.o
    0x08000a3c   0x08000a3c   0x00000400   Code   RO          576    i.HAL_RCC_OscConfig  stm32f1xx_hal_rcc.o
    0x08000e3c   0x08000e3c   0x00000028   Code   RO          880    i.HAL_SYSTICK_Config  stm32f1xx_hal_cortex.o
    0x08000e64   0x08000e64   0x00000002   Code   RO          194    i.HardFault_Handler  stm32f1xx_it.o
    0x08000e66   0x08000e66   0x00000002   PAD
    0x08000e68   0x08000e68   0x000000bc   Code   RO          168    i.MX_GPIO_Init      gpio.o
    0x08000f24   0x08000f24   0x00000002   Code   RO          195    i.MemManage_Handler  stm32f1xx_it.o
    0x08000f26   0x08000f26   0x00000002   Code   RO          196    i.NMI_Handler       stm32f1xx_it.o
    0x08000f28   0x08000f28   0x00000002   Code   RO          197    i.PendSV_Handler    stm32f1xx_it.o
    0x08000f2a   0x08000f2a   0x00000002   PAD
    0x08000f2c   0x08000f2c   0x00000024   Code   RO          577    i.RCC_Delay         stm32f1xx_hal_rcc.o
    0x08000f50   0x08000f50   0x00000002   Code   RO          198    i.SVC_Handler       stm32f1xx_it.o
    0x08000f52   0x08000f52   0x00000004   Code   RO          199    i.SysTick_Handler   stm32f1xx_it.o
    0x08000f56   0x08000f56   0x0000004e   Code   RO          124    i.SystemClock_Config  main.o
    0x08000fa4   0x08000fa4   0x00000048   Code   RO          292    i.SystemInit        system_stm32f1xx.o
    0x08000fec   0x08000fec   0x00000002   Code   RO          200    i.UsageFault_Handler  stm32f1xx_it.o
    0x08000fee   0x08000fee   0x0000000e   Code   RO         1339    i.__scatterload_copy  mc_w.l(handlers.o)
    0x08000ffc   0x08000ffc   0x00000002   Code   RO         1340    i.__scatterload_null  mc_w.l(handlers.o)
    0x08000ffe   0x08000ffe   0x0000000e   Code   RO         1341    i.__scatterload_zeroinit  mc_w.l(handlers.o)
    0x0800100c   0x0800100c   0x0000007c   Code   RO          125    i.main              main.o
    0x08001088   0x08001088   0x00000010   Data   RO          293    .constdata          system_stm32f1xx.o
    0x08001098   0x08001098   0x00000020   Data   RO         1337    Region$$Table       anon$$obj.o


    Execution Region RW_IRAM1 (Exec base: 0x20000000, Load base: 0x080010b8, Size: 0x00001230, Max: 0x00005000, ABSOLUTE)

    Exec Addr    Load Addr    Size         Type   Attr      Idx    E Section Name        Object

    0x20000000   0x080010b8   0x00000004   Data   RW          295    .data               system_stm32f1xx.o
    0x20000004   0x080010bc   0x0000000c   Data   RW          424    .data               stm32f1xx_hal.o
    0x20000010        -       0x000001fe   Zero   RW          126    .bss                main.o
    0x2000020e   0x080010c8   0x00000002   PAD
    0x20000210        -       0x00000020   Zero   RW         1118    .bss                stm32f1xx_hal_flash.o
    0x20000230        -       0x00001000   Zero   RW            1    STACK               startup_stm32f103xb.o


==============================================================================

Image component sizes


      Code (inc. data)   RO Data    RW Data    ZI Data      Debug   Object Name

       296         14          0          0          0     394681   flash.o
       188         18          0          0          0        947   gpio.o
       202         48          0          0        510       1744   main.o
        36          8        236          0       4096        792   startup_stm32f103xb.o
       132         24          0         12          0       5261   stm32f1xx_hal.o
       180         16          0          0          0      24842   stm32f1xx_hal_cortex.o
       444         52          0          0         32       4274   stm32f1xx_hal_flash.o
        36          8          0          0          0        554   stm32f1xx_hal_flash_ex.o
       510         12          0          0          0       2828   stm32f1xx_hal_gpio.o
        60          8          0          0          0        834   stm32f1xx_hal_msp.o
      1624         72          0          0          0       5184   stm32f1xx_hal_rcc.o
        20          0          0          0          0       3746   stm32f1xx_it.o
        72         16         16          4          0       1139   system_stm32f1xx.o

    ----------------------------------------------------------------------
      3806        296        284         16       4640     446826   Object Totals
         0          0         32          0          0          0   (incl. Generated)
         6          0          0          0          2          0   (incl. Padding)

    ----------------------------------------------------------------------

      Code (inc. data)   RO Data    RW Data    ZI Data      Debug   Library Member Name

         0          0          0          0          0          0   entry.o
         0          0          0          0          0          0   entry10a.o
         0          0          0          0          0          0   entry11a.o
         8          4          0          0          0          0   entry2.o
         4          0          0          0          0          0   entry5.o
         0          0          0          0          0          0   entry7b.o
         0          0          0          0          0          0   entry8b.o
         8          4          0          0          0          0   entry9a.o
        30          0          0          0          0          0   handlers.o
        36          8          0          0          0         68   init.o
        32          0          0          0          0         68   llushr.o
        36          0          0          0          0         68   memcpya.o
        36          0          0          0          0        108   memseta.o

    ----------------------------------------------------------------------
       190         16          0          0          0        312   Library Totals
         0          0          0          0          0          0   (incl. Padding)

    ----------------------------------------------------------------------

      Code (inc. data)   RO Data    RW Data    ZI Data      Debug   Library Name

       190         16          0          0          0        312   mc_w.l

    ----------------------------------------------------------------------
       190         16          0          0          0        312   Library Totals

    ----------------------------------------------------------------------

==============================================================================


      Code (inc. data)   RO Data    RW Data    ZI Data      Debug   

      3996        312        284         16       4640     445574   Grand Totals
      3996        312        284         16       4640     445574   ELF Image Totals
      3996        312        284         16          0          0   ROM Totals

==============================================================================

    Total RO  Size (Code + RO Data)                 4280 (   4.18kB)
    Total RW  Size (RW Data + ZI Data)              4656 (   4.55kB)
    Total ROM Size (Code + RO Data + RW Data)       4296 (   4.20kB)

==============================================================================

